src/app/dashboard/workout/page.tsx(94,36): error TS2345: Argument of type '"workout_excellent"' is not assignable to parameter of type '"freeplan" | "logout" | "back" | "continue" | "loading" | "save" | "cancel" | "settings" | "auth_title_login" | "auth_title_register" | "auth_email" | "auth_password" | "auth_login" | ... 156 more ... | "landing_start"'.
src/app/dashboard/workout/page.tsx(94,61): error TS2345: Argument of type '"workout_sets_done"' is not assignable to parameter of type '"freeplan" | "logout" | "back" | "continue" | "loading" | "save" | "cancel" | "settings" | "auth_title_login" | "auth_title_register" | "auth_email" | "auth_password" | "auth_login" | ... 156 more ... | "landing_start"'.
src/app/dashboard/workout/page.tsx(99,57): error TS2345: Argument of type '"workout_completed"' is not assignable to parameter of type '"freeplan" | "logout" | "back" | "continue" | "loading" | "save" | "cancel" | "settings" | "auth_title_login" | "auth_title_register" | "auth_email" | "auth_password" | "auth_login" | ... 156 more ... | "landing_start"'.
src/app/dashboard/workout/page.tsx(113,60): error TS2345: Argument of type '"workout_rest_time"' is not assignable to parameter of type '"freeplan" | "logout" | "back" | "continue" | "loading" | "save" | "cancel" | "settings" | "auth_title_login" | "auth_title_register" | "auth_email" | "auth_password" | "auth_login" | ... 156 more ... | "landing_start"'.
src/app/dashboard/workout/page.tsx(201,96): error TS2345: Argument of type '"workout_rest_time"' is not assignable to parameter of type '"freeplan" | "logout" | "back" | "continue" | "loading" | "save" | "cancel" | "settings" | "auth_title_login" | "auth_title_register" | "auth_email" | "auth_password" | "auth_login" | ... 156 more ... | "landing_start"'.
src/app/dashboard/workout/page.tsx(212,43): error TS2345: Argument of type '"workout_completed"' is not assignable to parameter of type '"freeplan" | "logout" | "back" | "continue" | "loading" | "save" | "cancel" | "settings" | "auth_title_login" | "auth_title_register" | "auth_email" | "auth_password" | "auth_login" | ... 156 more ... | "landing_start"'.
